// Vitest Snapshot v1, https://vitest.dev/guide/snapshot.html

exports[`App.tsx > 描画できること 1`] = `"<div><a href="https://vitejs.dev" target="_blank"><img src="/vite.svg" class="logo" alt="Vite logo"></a><a href="https://react.dev" target="_blank"><img src="/src/assets/react.svg" class="logo react" alt="React logo"></a></div><h1>Vite + React</h1><div class="card"><button>count is 0</button><p>Edit <code>src/App.tsx</code> and save to test HMR</p></div><p class="read-the-docs">Click on the Vite and React logos to learn more</p>"`;
